---
title: SnapJSON Large Nested Structure
test_name: TestSnapJSONLargeNestedStructure
file_path: 
func_name: 
version: 0.1.0
---
map[string]interface{}{
 "organization": map[string]interface{}{
  "departments": []interface{}{
   map[string]interface{}{
    "manager": "Alice",
    "name": "Engineering",
    "teams": []interface{}{
     map[string]interface{}{
      "lead": "John",
      "members": []interface{}{
       map[string]interface{}{
        "id": 1.0,
        "level": "senior",
        "name": "John",
       },
       map[string]interface{}{
        "id": 2.0,
        "level": "mid",
        "name": "Jane",
       },
      },
      "name": "Backend",
      "projects": []interface{}{
       map[string]interface{}{
        "id": "proj_1",
        "name": "API Service",
        "status": "active",
       },
       map[string]interface{}{
        "id": "proj_2",
        "name": "Database Optimization",
        "status": "planning",
       },
      },
     },
     map[string]interface{}{
      "lead": "Bob",
      "members": []interface{}{
       map[string]interface{}{
        "id": 3.0,
        "level": "senior",
        "name": "Bob",
       },
       map[string]interface{}{
        "id": 4.0,
        "level": "junior",
        "name": "Carol",
       },
      },
      "name": "Frontend",
      "projects": []interface{}{
       map[string]interface{}{
        "id": "proj_3",
        "name": "Web App",
        "status": "active",
       },
      },
     },
    },
   },
   map[string]interface{}{
    "manager": "Charlie",
    "name": "Sales",
    "teams": []interface{}{
     map[string]interface{}{
      "lead": "Dave",
      "members": []interface{}{
       map[string]interface{}{
        "id": 5.0,
        "level": "senior",
        "name": "Dave",
       },
       map[string]interface{}{
        "id": 6.0,
        "level": "mid",
        "name": "Eve",
       },
      },
      "name": "Enterprise",
      "projects": []interface{}{
      },
     },
    },
   },
  },
  "id": "org_123",
  "metadata": map[string]interface{}{
   "employees": 150.0,
   "founded": "2020",
   "locations": []interface{}{
    "USA",
    "EU",
    "APAC",
   },
  },
  "name": "TechCorp",
 },
}
